"test5" : {
	"nested_objects" : {
		"level1" : {
			"level2" : {
				"level3" : {
					"single_line_array" : [
						1,
						{
							"key" : "value"
						},
						[null, true]
					],
					"multi_line_array" : [1, 2, 3, 4],
					"single_line_object" : {
						"key1" : "value1",
						"key2" : {
							"key3" : "value2"
						},
						"key3" : [false, "string"]
					},
					"mixed_array" : [
						1,
						"string",
						null,
						true,
						{
							"key" : "value"
						},
						[1, 2, 3]
					],
					"single_line_empty_object" : {},
					"multi_line_empty_object" : {},
					"single_line_nested_empty_objects" : {
						"empty" : {}
					},
					"multi_line_nested_empty_objects" : {
						"object" : {
							"empty" : {}
						}
					},
					"single_line_empty_array" : [],
					"multi_line_empty_array" : [],
					"single_line_nested_empty_arrays" : [[]],
					"multi_line_nested_empty_arrays" : [[[]]]
				}
			}
		}
	}
}